Connecting to Polar H10 at E4C4B7DF-21E1-D1F5-9332-BC6D394F15C8 ...
Connected! 每一次心跳輸出一行 JSONL（按 Ctrl+C 停止）
HR: 108 bpm  RR: [546] ms
HR: 109 bpm  RR: [544,546] ms
HR: 110 bpm  RR: [544,546] ms
HR: 110 bpm  RR: [546,541] ms
HR: 110 bpm  RR: [547] ms
HR: 109 bpm  RR: [549,555] ms
HR: 109 bpm  RR: [555,551] ms
HR: 109 bpm  RR: [553] ms
HR: 109 bpm  RR: [555,557] ms
HR: 109 bpm  RR: [554,549] ms
HR: 109 bpm  RR: [546,548] ms
HR: 109 bpm  RR: [546] ms
HR: 109 bpm  RR: [547,547] ms
HR: 109 bpm  RR: [553,558] ms
HR: 109 bpm  RR: [553,558] ms
HR: 108 bpm  RR: [562,559] ms
HR: 108 bpm  RR: [561,560] ms
HR: 108 bpm  RR: [557,564] ms
HR: 107 bpm  RR: [557,542] ms
HR: 110 bpm  RR: [521,524] ms
HR: 111 bpm  RR: [545,552] ms
HR: 111 bpm  RR: [547,560] ms
HR: 108 bpm  RR: [576,582] ms
HR: 106 bpm  RR: [566,567] ms
HR: 106 bpm  RR: [562,564] ms
HR: 107 bpm  RR: [543,528] ms
HR: 111 bpm  RR: [539,538] ms
HR: 110 bpm  RR: [562,570] ms
HR: 106 bpm  RR: [587,565] ms
HR: 107 bpm  RR: [529] ms
HR: 109 bpm  RR: [569,576] ms
HR: 107 bpm  RR: [544,535] ms
HR: 109 bpm  RR: [547,549] ms
HR: 109 bpm  RR: [556,561] ms
HR: 108 bpm  RR: [566] ms
HR: 107 bpm  RR: [562,564] ms
Traceback (most recent call last):
  File "/opt/homebrew/Cellar/python@3.14/3.14.3_1/Frameworks/Python.framework/Versions/3.14/lib/python3.14/asyncio/runners.py", line 127, in run
    return self._loop.run_until_complete(task)
           ~~~~~~~~~~~~~~~~~~~~~~~~~~~~~^^^^^^
  File "/opt/homebrew/Cellar/python@3.14/3.14.3_1/Frameworks/Python.framework/Versions/3.14/lib/python3.14/asyncio/base_events.py", line 719, in run_until_complete
    return future.result()
           ~~~~~~~~~~~~~^^
  File "/Users/taichengwong/Projects/H10/h10_hr_live.py", line 75, in main
    await asyncio.sleep(1.0)
  File "/opt/homebrew/Cellar/python@3.14/3.14.3_1/Frameworks/Python.framework/Versions/3.14/lib/python3.14/asyncio/tasks.py", line 702, in sleep
    return await future
           ^^^^^^^^^^^^
asyncio.exceptions.CancelledError

During handling of the above exception, another exception occurred:

Traceback (most recent call last):
  File "/Users/taichengwong/Projects/H10/h10_hr_live.py", line 83, in <module>
    asyncio.run(main())
    ~~~~~~~~~~~^^^^^^^^
  File "/opt/homebrew/Cellar/python@3.14/3.14.3_1/Frameworks/Python.framework/Versions/3.14/lib/python3.14/asyncio/runners.py", line 204, in run
    return runner.run(main)
           ~~~~~~~~~~^^^^^^
  File "/opt/homebrew/Cellar/python@3.14/3.14.3_1/Frameworks/Python.framework/Versions/3.14/lib/python3.14/asyncio/runners.py", line 132, in run
    raise KeyboardInterrupt()
KeyboardInterrupt
